// Jest Snapshot v1, https://goo.gl/fbAQLP

exports[`server tests route: / 1`] = `"<!DOCTYPE html><html><head><meta name=\\"viewport\\" content=\\"width=device-width,initial-scale=1\\"><meta http-equiv=\\"X-UA-Compatible\\" content=\\"ie=edge\\"><link rel=\\"stylesheet\\" href=\\"/css/vendor.239d9b53.css\\"><link rel=\\"stylesheet\\" href=\\"/css/main.239d9b53.css\\"><title data-react-helmet=\\"true\\"></title></head><body><div id=\\"root\\"><nav class=\\"navbar navbar-expand-sm navbar-dark bg-dark\\"><header class=\\"sr-only\\"><h2>Site Navigation</h2></header><a href=\\"/\\" class=\\"navbar-brand\\"><img src=\\"\\" alt=\\"Quill\\" height=\\"30\\" style=\\"margin-right:10px\\">Digital Journal</a><button aria-controls=\\"basic-navbar-nav\\" type=\\"button\\" aria-label=\\"Toggle navigation\\" class=\\"navbar-toggler\\"><span class=\\"navbar-toggler-icon\\"></span></button><div class=\\"navbar-collapse collapse\\" id=\\"basic-navbar-nav\\"><div class=\\"ml-auto navbar-nav\\"><a href=\\"/posts\\" role=\\"tab\\" tabindex=\\"-1\\" class=\\"nav-link\\">Posts</a><a href=\\"/signin\\" role=\\"tab\\" tabindex=\\"-1\\" aria-selected=\\"false\\" class=\\"nav-link\\">Signin</a><a href=\\"/signup\\" role=\\"tab\\" tabindex=\\"-1\\" aria-selected=\\"false\\" class=\\"nav-link\\">Signup</a></div></div></nav><main><header style=\\"text-align:center\\" class=\\"jumbotron jumbotron-fluid\\"><img src=\\"\\" alt=\\"image\\" width=\\"200\\" style=\\"margin:10px\\"><h2>Digital Journal</h2><p>Organize all your content and ideas together in one place.</p></header><div class=\\"row\\"></div></main><footer>Â© 2019; Joseph Morse; MIT</footer></div><script>window.initState = {\\"user\\":false,\\"journals\\":[]}</script><script src=\\"/js/vendor.239d9b53.js\\"></script><script src=\\"/js/main.239d9b53.js\\"></script></body></html>"`;
